Running job rosalind_cad_structural_reproduction_20260916-rosalind_cad_X5S1_pdb_20260916_0ab38c3b
database: provider-workdir/foldseek_dbs/pdb
Using search parameters:  -s 9.5 --max-seqs 1000 -e 10 --alignment-type 2 -c 0
Running search once, formatting aln.txt + report.html
Using custom format output: query,target,evalue,bits,fident,alnlen,mismatch,gapopen,qstart,qend,tstart,tend,qlen,tlen,qcov,tcov,qseq,tseq,qaln,taln,theader
createdb provider-workdir/input.pdb tmp/queryDB 

MMseqs Version:             	10.941cd33
Use GPU                     	0
Path to ProstT5             	
Chain name mode             	0
Createdb extraction mode    	0
Interface distance threshold	8
Write mapping file          	0
Mask b-factor threshold     	0
Coord store mode            	2
Write lookup file           	1
Input format                	0
File Inclusion Regex        	.*
File Exclusion Regex        	^$
Threads                     	48
Verbosity                   	3

Output file: tmp/queryDB
[=================================================================] 1 0s 5ms
Time for merging to queryDB_ss: 0h 0m 0s 3ms
Time for merging to queryDB_h: 0h 0m 0s 2ms
Time for merging to queryDB_ca: 0h 0m 0s 2ms
Time for merging to queryDB: 0h 0m 0s 2ms
Ignore 0 out of 1.
Too short: 0, incorrect: 0, not proteins: 0.
Time for processing: 0h 0m 0s 42ms
Create directory tmp/search_tmp
search tmp/queryDB provider-workdir/foldseek_dbs/pdb tmp/resultDB tmp/search_tmp -a -s 9.5 --max-seqs 1000 -e 10 --alignment-type 2 -c 0 

MMseqs Version:                    	10.941cd33
Seq. id. threshold                 	0
Coverage threshold                 	0
Coverage mode                      	0
Max reject                         	2147483647
Max accept                         	2147483647
Add backtrace                      	true
TMscore threshold                  	0
TMscore threshold mode             	0
TMalign hit order                  	0
TMalign fast                       	1
Preload mode                       	0
Threads                            	48
Verbosity                          	3
LDDT threshold                     	0
Sort by structure bit score        	1
Alignment type                     	2
Exact TMscore                      	0
Substitution matrix                	aa:3di.out,nucl:3di.out
Alignment mode                     	3
Alignment mode                     	0
E-value threshold                  	10
Min alignment length               	0
Seq. id. mode                      	0
Alternative alignments             	0
Max sequence length                	65535
Compositional bias                 	1
Compositional bias                 	1
Gap open cost                      	aa:10,nucl:10
Gap extension cost                 	aa:1,nucl:1
Compressed                         	0
Seed substitution matrix           	aa:3di.out,nucl:3di.out
Sensitivity                        	9.5
k-mer length                       	0
Target search mode                 	0
k-score                            	seq:2147483647,prof:2147483647
Max results per query              	1000
Split database                     	0
Split mode                         	2
Split memory limit                 	0
Diagonal scoring                   	true
Exact k-mer matching               	0
Mask residues                      	0
Mask residues probability          	0.999995
Mask lower case residues           	1
Mask lower letter repeating N times	6
Minimum diagonal score             	30
Selected taxa                      	
Spaced k-mers                      	1
Spaced k-mer pattern               	
Local temporary path               	
Use GPU                            	0
Use GPU server                     	0
Wait for GPU server                	600
Prefilter mode                     	0
Exhaustive search mode             	false
Search iterations                  	1
Remove temporary files             	true
MPI runner                         	
Force restart with latest tmp      	false
Cluster search                     	0

prefilter tmp/queryDB_ss provider-workdir/foldseek_dbs/pdb_ss.idx tmp/search_tmp/9261450133222825895/pref --sub-mat 'aa:3di.out,nucl:3di.out' --seed-sub-mat 'aa:3di.out,nucl:3di.out' -s 9.5 -k 0 --target-search-mode 0 --k-score seq:2147483647,prof:2147483647 --alph-size aa:21,nucl:5 --max-seq-len 65535 --max-seqs 1000 --split 0 --split-mode 2 --split-memory-limit 0 -c 0 --cov-mode 0 --comp-bias-corr 1 --comp-bias-corr-scale 0.15 --diag-score 1 --exact-kmer-matching 0 --mask 0 --mask-prob 0.999995 --mask-lower-case 1 --mask-n-repeat 6 --min-ungapped-score 30 --add-self-matches 0 --spaced-kmer-mode 1 --db-load-mode 0 --pca substitution:1.100,context:1.400 --pcb substitution:4.100,context:5.800 --threads 48 --compressed 0 -v 3 

Index version: fs1
Generated by:  10.941cd33
ScoreMatrix:  3di.out
Query database size: 1 type: Aminoacid
Estimated memory consumption: 2G
Target database size: 324204 type: Aminoacid
Process prefiltering step 1 of 1

k-mer similarity threshold: 78
Starting prefiltering scores calculation (step 1 of 1)
Query db start 1 to 1
Target db start 1 to 324204
[=================================================================] 1 0s 3ms

1256.624113 k-mers per position
8821764 DB matches per sequence
1 overflows
1000 sequences passed prefiltering per query sequence
1000 median result list length
0 sequences with 0 size result lists
Time for merging to pref: 0h 0m 0s 0ms
Time for processing: 0h 0m 7s 158ms
structurealign tmp/queryDB provider-workdir/foldseek_dbs/pdb.idx tmp/search_tmp/9261450133222825895/pref tmp/search_tmp/9261450133222825895/strualn --tmscore-threshold 0 --tmscore-threshold-mode 0 --lddt-threshold 0 --sort-by-structure-bits 1 --alignment-type 2 --exact-tmscore 0 --sub-mat 'aa:3di.out,nucl:3di.out' -a 1 --alignment-mode 3 --alignment-output-mode 0 --wrapped-scoring 0 -e 10 --min-seq-id 0 --min-aln-len 0 --seq-id-mode 0 --alt-ali 0 -c 0 --cov-mode 0 --max-seq-len 65535 --comp-bias-corr 1 --comp-bias-corr-scale 0.5 --max-rejected 2147483647 --max-accept 2147483647 --add-self-matches 0 --db-load-mode 0 --pca substitution:1.100,context:1.400 --pcb substitution:4.100,context:5.800 --score-bias 0 --realign 0 --realign-score-bias -0.2 --realign-max-seqs 2147483647 --corr-score-weight 0 --gap-open aa:10,nucl:10 --gap-extend aa:1,nucl:1 --zdrop 40 --threads 48 --compressed 0 -v 3 

Index version: fs1
Generated by:  10.941cd33
ScoreMatrix:  3di.out
Index version: fs1
Generated by:  10.941cd33
ScoreMatrix:  3di.out
Index version: fs1
Generated by:  10.941cd33
ScoreMatrix:  3di.out
posix_madvise returned an error (touchMemory)
[=================================================================] 1 0s 42ms
Time for merging to strualn: 0h 0m 0s 2ms
Time for processing: 0h 0m 3s 528ms
mvdb tmp/search_tmp/9261450133222825895/strualn tmp/search_tmp/9261450133222825895/aln -v 3 

Time for processing: 0h 0m 0s 3ms
mvdb tmp/search_tmp/9261450133222825895/aln tmp/resultDB -v 3 

Time for processing: 0h 0m 0s 1ms
Removing temporary files
rmdb tmp/search_tmp/9261450133222825895/pref -v 3 

Time for processing: 0h 0m 0s 0ms
convertalis tmp/queryDB provider-workdir/foldseek_dbs/pdb tmp/resultDB provider-workdir/out/aln.txt --format-mode 0 --format-output query,target,evalue,bits,fident,alnlen,mismatch,gapopen,qstart,qend,tstart,tend,qlen,tlen,qcov,tcov,qseq,tseq,qaln,taln,theader 

MMseqs Version:        	10.941cd33
Substitution matrix    	aa:3di.out,nucl:3di.out
Alignment format       	0
Format alignment output	query,target,evalue,bits,fident,alnlen,mismatch,gapopen,qstart,qend,tstart,tend,qlen,tlen,qcov,tcov,qseq,tseq,qaln,taln,theader
Gap open cost          	aa:10,nucl:10
Gap extension cost     	aa:1,nucl:1
Database output        	false
Preload mode           	0
Threads                	48
Compressed             	0
Verbosity              	3
Exact TMscore          	0

[=================================================================] 1 0s 0ms
Time for merging to aln.txt: 0h 0m 0s 0ms
Time for processing: 0h 0m 0s 586ms
convertalis tmp/queryDB provider-workdir/foldseek_dbs/pdb tmp/resultDB provider-workdir/out/report.html --format-mode 3 --format-output query,target,evalue,bits,fident,alnlen,mismatch,gapopen,qstart,qend,tstart,tend,qlen,tlen,qcov,tcov,qseq,tseq,qaln,taln,theader 

MMseqs Version:        	10.941cd33
Substitution matrix    	aa:3di.out,nucl:3di.out
Alignment format       	3
Format alignment output	query,target,evalue,bits,fident,alnlen,mismatch,gapopen,qstart,qend,tstart,tend,qlen,tlen,qcov,tcov,qseq,tseq,qaln,taln,theader
Gap open cost          	aa:10,nucl:10
Gap extension cost     	aa:1,nucl:1
Database output        	false
Preload mode           	0
Threads                	48
Compressed             	0
Verbosity              	3
Exact TMscore          	0

[=================================================================] 1 0s 0ms
Time for merging to report.html: 0h 0m 0s 0ms
Time for processing: 0h 0m 0s 241ms
