Running job cad_foldmason_22_20260917
Create directory tmp
easy-msa inputs out/result.fasta tmp --report-mode 1 

MMseqs Version:                      	dd3c23500ce0893bc1b5f9b4a3e17c63796a5d0b
Use GPU                              	0
Path to ProstT5                      	
Chain name mode                      	0
Model name mode                      	0
Createdb extraction mode             	0
Interface distance threshold         	8
Write mapping file                   	0
Mask b-factor threshold              	0
Coord store mode                     	2
Write lookup file                    	1
Input format                         	0
File Inclusion Regex                 	.*
File Exclusion Regex                 	^$
Threads                              	64
Verbosity                            	3
Global sequence weighting            	true
Match ratio                          	0.9
Filter MSA                           	1
Select N most diverse seqs           	5
Minimum score per column             	-20
Gap open cost                        	aa:25,nucl:25
Gap extension cost                   	aa:2,nucl:2
Mask profile                         	1
Pseudo count mode                    	0
Input Newick guide tree              	
Recompute scores                     	false
Substitution matrix                  	aa:3di.out,nucl:3di.out
Max sequence length                  	65535
Total refinement iterations          	0
AA matrix bit factor                 	1.1
3Di matrix bit factor                	2.1
LDDT pair threshold                  	0
Fast mode, disable neighbor score    	false
Compositional bias                   	1
Random number generator seed         	-1
Normalise LDDT by no. scoring columns	false
PSSM score bias                      	-0.6
Neighborhood score decay constant    	3.84098
Neighborhood score multiplier        	13
Neighborhood angstrom cutoff         	45
Neighborhood score low pass threshold	0.02
All-vs-all SW gap open cost          	9
All-vs-all SW gap extension cost     	8
                                     	
                                     	true
Pre-cluster structures               	false
Report mode                          	1

createdb inputs tmp/12701898601659780348/structures --gpu 0 --chain-name-mode 0 --model-name-mode 0 --db-extraction-mode 0 --distance-threshold 8 --write-mapping 0 --mask-bfactor-threshold 0 --coord-store-mode 2 --write-lookup 1 --input-format 0 --file-include '.*' --file-exclude '^$' --threads 64 -v 3 

Output file: tmp/12701898601659780348/structures
[============================================================] 22 0s 2ms
=====Time for merging to structures_ss: 0h 0m 0s 73ms
Time for merging to structures_h: 0h 0m 0s 1ms
Time for merging to structures_ca: 0h 0m 0s 2ms
Time for merging to structures: 0h 0m 0s 2ms
Ignore 0 out of 22.
Too short: 0, incorrect: 0, not proteins: 0.
Time for processing: 0h 0m 0s 101ms
structuremsa tmp/12701898601659780348/structures out/result.fasta --wg 1 --match-ratio 0.9 --score-bias 4.6 --filter-msa 1 --diff 5 --qsc -20 --gap-open aa:25,nucl:25 --gap-extend aa:2,nucl:2 --mask-profile 1 --pseudo-cnt-mode 0 --pca substitution:1.100,context:1.400 --pcb substitution:4.100,context:5.800 --recompute-scores 0 --sub-mat 'aa:3di.out,nucl:3di.out' --threads 64 --max-seq-len 65535 --refine-iters 0 --bitfactor-aa 1.1 --bitfactor-3di 2.1 --pair-threshold 0 --fast 0 --comp-bias-corr 1 -v 3 --refine-seed -1 --only-scoring-cols 0 --score-bias-pssm -0.6 --nb-sigma 3.84098 --nb-multiplier 13 --nb-ang-cut 45 --nb-low-cut 0.02 --sw-gap-open 9 --sw-gap-extend 8 

Got databases
Got substitution matrices
Initialised MSAs, Sequence objects
Set up tiny substitution matrices
Performing initial all vs all alignments
Generating guide tree
Optimising merge order
Writing guide tree to: out/result.fasta.nw
Begin progressive alignment
Time for merging to result.fasta_aa.fa: 0h 0m 0s 1ms
Time for merging to result.fasta_3di.fa: 0h 0m 0s 1ms
Time for processing: 0h 0m 0s 970ms
msa2lddtreport tmp/12701898601659780348/structures out/result.fasta_aa.fa out/result.fasta.html --guide-tree out/result.fasta.nw --pair-threshold 0 --threads 64 -v 3 --report-command '--match-ratio 0.9 --filter-msa 1 --gap-open aa:25,nucl:25 --gap-extend aa:2,nucl:2 --report-mode 1 ' --report-paths 1 --only-scoring-cols 0 

Average MSA LDDT: 0.410549
Columns considered: 746/746
Column scores: 0.000000,0.000000,0.000000,0.000000,0.000000,0.000000,0.000000,0.000000,0.000000,0.000000,0.000000,0.000000,0.000000,0.000000,0.000000,0.000000,0.000000,0.000000,0.000000,0.000000,0.000000,0.000000,0.000000,0.000000,0.000000,0.000000,0.000000,0.000000,0.000000,0.000000,0.000000,0.000000,0.000000,0.000000,0.000000,0.000000,0.000000,0.000000,0.000000,0.000000,0.000000,0.000000,0.000000,0.000000,0.000000,0.000000,0.000000,0.000000,0.000000,0.170350,0.000000,0.179668,0.000000,0.189107,0.000000,0.197116,0.000000,0.196991,0.195645,0.000000,0.192501,0.000000,0.208065,0.000000,0.212952,0.214842,0.222166,0.214335,0.215340,0.220060,0.223971,0.220663,0.220439,0.223691,0.269402,0.250283,0.271466,0.279108,0.275903,0.261501,0.261053,0.269401,0.269520,0.257606,0.262850,0.273503,0.220698,0.219587,0.230973,0.225853,0.246518,0.253874,0.267452,0.259813,0.253792,0.263206,0.272975,0.269449,0.257739,0.272254,0.267533,0.264894,0.271352,0.260100,0.251384,0.133708,0.133919,0.230794,0.241346,0.227008,0.218593,0.224612,0.220867,0.223393,0.218798,0.211583,0.162162,0.213015,0.220294,0.223272,0.231470,0.226295,0.233557,0.228285,0.229261,0.231054,0.230529,0.235094,0.237348,0.232852,0.232603,0.231941,0.270859,0.270923,0.263505,0.261264,0.256140,0.260630,0.153357,0.159292,0.146341,0.128023,0.120574,0.118467,0.000000,0.000000,0.000000,0.000000,0.000000,0.093703,0.114383,0.134063,0.126077,0.246825,0.256631,0.251963,0.243127,0.246333,0.277408,0.271435,0.258417,0.281911,0.297667,0.279954,0.275417,0.299901,0.304034,0.305960,0.312981,0.308817,0.339860,0.326478,0.331327,0.335675,0.317866,0.316093,0.233628,0.236227,0.237057,0.238428,0.235955,0.237756,0.236697,0.234783,0.230769,0.282041,0.277579,0.236998,0.237310,0.238095,0.235955,0.237565,0.232877,0.228335,0.223769,0.222388,0.000000,0.000000,0.000000,0.143791,0.153846,0.159696,0.218894,0.284882,0.334357,0.363781,0.375754,0.376559,0.383187,0.360660,0.404609,0.374949,0.391623,0.379065,0.516399,0.567969,0.652283,0.657344,0.676099,0.677294,0.682118,0.681622,0.672451,0.658958,0.635685,0.599844,0.529147,0.548010,0.602041,0.682675,0.697890,0.693919,0.687589,0.685909,0.675122,0.665015,0.660697,0.642874,0.646352,0.655870,0.672387,0.664145,0.672329,0.680266,0.670263,0.668141,0.669150,0.651665,0.640253,0.610378,0.598347,0.305400,0.291804,0.161775,0.000000,0.000000,0.558992,0.586222,0.596156,0.643516,0.666905,0.663124,0.681134,0.678459,0.679663,0.646069,0.619472,0.622144,0.632509,0.657679,0.665706,0.557196,0.566656,0.595452,0.585957,0.657490,0.000000,0.692475,0.689413,0.673187,0.697863,0.696772,0.704693,0.704873,0.710230,0.701718,0.688534,0.687794,0.636048,0.641288,0.620197,0.623963,0.630702,0.645199,0.628549,0.627488,0.000000,0.615682,0.485992,0.413479,0.463796,0.470443,0.504279,0.554751,0.531713,0.519709,0.559840,0.558044,0.510659,0.507096,0.525995,0.272085,0.271142,0.506629,0.000000,0.501730,0.503313,0.518270,0.469005,0.450176,0.511855,0.539265,0.549151,0.583950,0.608697,0.581022,0.589707,0.623791,0.624959,0.631936,0.638447,0.665877,0.640944,0.621030,0.638454,0.659304,0.612756,0.647191,0.696267,0.701094,0.693748,0.677716,0.666963,0.670894,0.597433,0.581770,0.601909,0.601381,0.551182,0.553676,0.559606,0.549492,0.302997,0.342880,0.000000,0.475288,0.517751,0.573126,0.711450,0.757671,0.738931,0.772523,0.796808,0.806748,0.806656,0.816736,0.802095,0.803200,0.812606,0.774866,0.765615,0.750171,0.150558,0.250725,0.244983,0.397655,0.729854,0.721461,0.739570,0.736869,0.763862,0.754253,0.796727,0.800074,0.829832,0.823571,0.823542,0.824004,0.832747,0.830559,0.814051,0.823726,0.823086,0.812198,0.796688,0.821156,0.810987,0.798347,0.814630,0.824976,0.800865,0.787288,0.806507,0.794351,0.758350,0.743617,0.771321,0.733994,0.662540,0.663509,0.664727,0.572834,0.497240,0.455165,0.445823,0.452850,0.163904,0.164907,0.165067,0.161702,0.161815,0.163153,0.161033,0.159083,0.363053,0.417762,0.483080,0.623443,0.594114,0.652553,0.680946,0.687405,0.669302,0.688016,0.608622,0.495022,0.706476,0.703542,0.740463,0.758882,0.740463,0.733487,0.756372,0.766801,0.747976,0.759629,0.737626,0.722785,0.585459,0.205998,0.161298,0.147250,0.149925,0.147932,0.457181,0.700678,0.710972,0.789999,0.793004,0.812124,0.836277,0.848379,0.839012,0.851277,0.764957,0.633094,0.567247,0.563077,0.163502,0.163708,0.158510,0.159062,0.141200,0.150708,0.152017,0.145310,0.000000,0.131635,0.144522,0.147860,0.147448,0.152220,0.159756,0.156608,0.157113,0.155133,0.155990,0.150000,0.154767,0.148148,0.152847,0.154030,0.149477,0.146241,0.144431,0.145226,0.144693,0.139243,0.143975,0.146095,0.143917,0.142084,0.159061,0.157835,0.160321,0.162555,0.159267,0.158291,0.162257,0.573858,0.648591,0.745636,0.801988,0.818494,0.833132,0.846221,0.833941,0.817910,0.854380,0.852866,0.861897,0.853602,0.850630,0.839934,0.803694,0.750535,0.451380,0.238064,0.183040,0.245003,0.232975,0.225008,0.244226,0.572732,0.631329,0.669237,0.659512,0.624183,0.321444,0.482477,0.672803,0.706391,0.733303,0.769955,0.820951,0.833102,0.845664,0.845625,0.840671,0.842533,0.827438,0.405983,0.717889,0.759517,0.767152,0.799402,0.815416,0.801165,0.803706,0.826410,0.807009,0.820713,0.838674,0.816018,0.805561,0.773477,0.726525,0.714697,0.703071,0.683466,0.673108,0.654435,0.450838,0.364410,0.539473,0.627556,0.646424,0.633880,0.628726,0.623415,0.617783,0.601589,0.575772,0.595224,0.392396,0.358009,0.355930,0.346380,0.352967,0.364278,0.151360,0.132473,0.286666,0.308818,0.318037,0.344498,0.345590,0.473781,0.490974,0.473122,0.431551,0.466215,0.452245,0.463460,0.291097,0.357411,0.487616,0.567515,0.613262,0.644183,0.665355,0.688300,0.709356,0.709930,0.729245,0.729517,0.734239,0.757581,0.764511,0.745546,0.732176,0.694130,0.726749,0.745717,0.765941,0.776399,0.773774,0.747840,0.721970,0.705631,0.714117,0.121925,0.114943,0.000000,0.000000,0.000000,0.000000,0.000000,0.000000,0.121086,0.116770,0.130320,0.119772,0.433790,0.265605,0.224869,0.255619,0.262653,0.256753,0.262879,0.294209,0.285354,0.310135,0.310651,0.322567,0.336994,0.337763,0.294664,0.249424,0.275848,0.198614,0.193689,0.204137,0.202994,0.202141,0.197861,0.198527,0.199611,0.201064,0.204584,0.215085,0.212029,0.190835,0.140328,0.148846,0.151913,0.146618,0.149041,0.208335,0.213035,0.220643,0.514910,0.627848,0.608559,0.610772,0.594872,0.481937,0.505089,0.534106,0.537335,0.394473,0.399533,0.387891,0.376276,0.360002,0.380904,0.494017,0.551992,0.553206,0.575863,0.573004,0.563939,0.557097,0.364631,0.365464,0.344671,0.359846,0.367004,0.363699,0.349114,0.370286,0.375733,0.370126,0.367262,0.487100,0.507625,0.500060,0.509635,0.542938,0.551488,0.545349,0.529756,0.510046,0.470740,0.428930,0.336871,0.161560,0.162235,0.161092,0.161092,0.163662,0.217877,0.221790,0.223415,0.228131,0.229817,0.000000,0.153846,0.157676,0.161404,0.164134,0.165746,0.166667,0.166065,0.166667,0.166667
Generating report
Time for merging to result.fasta.html: 0h 0m 0s 2ms
Report command: --match-ratio 0.9 --filter-msa 1 --gap-open aa:25,nucl:25 --gap-extend aa:2,nucl:2 --report-mode 1 
Time for processing: 0h 0m 0s 810ms
rmdb tmp/12701898601659780348/result -v 3 

Time for processing: 0h 0m 0s 0ms
rmdb tmp/12701898601659780348/query -v 3 

Time for processing: 0h 0m 0s 0ms
rmdb tmp/12701898601659780348/query_h -v 3 

Time for processing: 0h 0m 0s 0ms
rmdb tmp/12701898601659780348/query_ca -v 3 

Time for processing: 0h 0m 0s 0ms
rmdb tmp/12701898601659780348/query_ss -v 3 

Time for processing: 0h 0m 0s 0ms
